// Jest Snapshot v1, https://goo.gl/fbAQLP

exports[`Footer component should render with custom href link 1`] = `
<footer
  className="container"
>
  <PageBlock>
    <div
      className="hidden upperWrapper"
    >
      <UpperFooter
        footerMessages={
          Object {
            "aboutJobsDB": Object {
              "aboutJobsDB": Object {
                "title": "About jobsDB",
                "url": "/pages/aboutus",
              },
              "contactUs": Object {
                "mobileUrl": "https://m.jobsdb.com/en-hk/legal.do?p=contact_us",
                "title": "Contact us",
                "url": "/pages/regional-coverage",
              },
              "title": "About JobsDB",
            },
            "cfsLink": "/hk/en",
            "cmsLink": "/en-hk",
            "connect": Object {
              "appStore": Object {
                "icon": "apple",
                "title": "jobsDB @ App Store",
                "url": "https://itunes.apple.com/hk/app/jobsdb-job-search/id414607432",
              },
              "playStore": Object {
                "icon": "android",
                "title": "jobsDB @ Google Play",
                "url": "https://play.google.com/store/apps/details?id=com.jobsdb",
              },
              "title": "Connect",
            },
            "copyright": "Copyright © 1998-{year}, jobsDB.",
            "legal": Object {
              "title": "Legal terms",
              "url": "/legal.do",
            },
            "partners": Object {
              "bdjobs": Object {
                "title": "Bdjobs (Bandladesh)",
                "url": "https://www.bdjobs.com/",
              },
              "brighterMonday": Object {
                "title": "Brighter Monday (East Africa)",
                "url": "https://www.brightermonday.com/",
              },
              "catho": Object {
                "title": "Catho (Brazil)",
                "url": "https://www.catho.com.br/",
              },
              "title": "International partners",
              "zhaopin": Object {
                "title": "Zhaopin (China)",
                "url": "https://www.zhaopin.com/",
              },
            },
            "privacy": Object {
              "title": "Privacy Statement",
              "url": "/pages/terms/privacy-policy",
            },
            "rightReserved": "All Rights Reserved.",
            "siteMap": Object {
              "title": "Site Map",
              "url": "/sitemap",
            },
            "terms": Object {
              "title": "Terms & Conditions",
              "url": "/pages/terms/terms-conditions",
            },
          }
        }
        linkRenderer={[Function]}
      />
      <FooterLinks
        footerMessages={
          Object {
            "aboutJobsDB": Object {
              "aboutJobsDB": Object {
                "title": "About jobsDB",
                "url": "/pages/aboutus",
              },
              "contactUs": Object {
                "mobileUrl": "https://m.jobsdb.com/en-hk/legal.do?p=contact_us",
                "title": "Contact us",
                "url": "/pages/regional-coverage",
              },
              "title": "About JobsDB",
            },
            "cfsLink": "/hk/en",
            "cmsLink": "/en-hk",
            "connect": Object {
              "appStore": Object {
                "icon": "apple",
                "title": "jobsDB @ App Store",
                "url": "https://itunes.apple.com/hk/app/jobsdb-job-search/id414607432",
              },
              "playStore": Object {
                "icon": "android",
                "title": "jobsDB @ Google Play",
                "url": "https://play.google.com/store/apps/details?id=com.jobsdb",
              },
              "title": "Connect",
            },
            "copyright": "Copyright © 1998-{year}, jobsDB.",
            "legal": Object {
              "title": "Legal terms",
              "url": "/legal.do",
            },
            "partners": Object {
              "bdjobs": Object {
                "title": "Bdjobs (Bandladesh)",
                "url": "https://www.bdjobs.com/",
              },
              "brighterMonday": Object {
                "title": "Brighter Monday (East Africa)",
                "url": "https://www.brightermonday.com/",
              },
              "catho": Object {
                "title": "Catho (Brazil)",
                "url": "https://www.catho.com.br/",
              },
              "title": "International partners",
              "zhaopin": Object {
                "title": "Zhaopin (China)",
                "url": "https://www.zhaopin.com/",
              },
            },
            "privacy": Object {
              "title": "Privacy Statement",
              "url": "/pages/terms/privacy-policy",
            },
            "rightReserved": "All Rights Reserved.",
            "siteMap": Object {
              "title": "Site Map",
              "url": "/sitemap",
            },
            "terms": Object {
              "title": "Terms & Conditions",
              "url": "/pages/terms/terms-conditions",
            },
          }
        }
        linkRenderer={[Function]}
      />
    </div>
    <div
      className="lowerWrapper"
    >
      <div
        className="endOfLineWithoutCountry"
      >
        <div
          className="collapsed lowerWrapperLinks"
        >
          <FooterLinks
            displayInDesktop={true}
            footerMessages={
              Object {
                "aboutJobsDB": Object {
                  "aboutJobsDB": Object {
                    "title": "About jobsDB",
                    "url": "/pages/aboutus",
                  },
                  "contactUs": Object {
                    "mobileUrl": "https://m.jobsdb.com/en-hk/legal.do?p=contact_us",
                    "title": "Contact us",
                    "url": "/pages/regional-coverage",
                  },
                  "title": "About JobsDB",
                },
                "cfsLink": "/hk/en",
                "cmsLink": "/en-hk",
                "connect": Object {
                  "appStore": Object {
                    "icon": "apple",
                    "title": "jobsDB @ App Store",
                    "url": "https://itunes.apple.com/hk/app/jobsdb-job-search/id414607432",
                  },
                  "playStore": Object {
                    "icon": "android",
                    "title": "jobsDB @ Google Play",
                    "url": "https://play.google.com/store/apps/details?id=com.jobsdb",
                  },
                  "title": "Connect",
                },
                "copyright": "Copyright © 1998-{year}, jobsDB.",
                "legal": Object {
                  "title": "Legal terms",
                  "url": "/legal.do",
                },
                "partners": Object {
                  "bdjobs": Object {
                    "title": "Bdjobs (Bandladesh)",
                    "url": "https://www.bdjobs.com/",
                  },
                  "brighterMonday": Object {
                    "title": "Brighter Monday (East Africa)",
                    "url": "https://www.brightermonday.com/",
                  },
                  "catho": Object {
                    "title": "Catho (Brazil)",
                    "url": "https://www.catho.com.br/",
                  },
                  "title": "International partners",
                  "zhaopin": Object {
                    "title": "Zhaopin (China)",
                    "url": "https://www.zhaopin.com/",
                  },
                },
                "privacy": Object {
                  "title": "Privacy Statement",
                  "url": "/pages/terms/privacy-policy",
                },
                "rightReserved": "All Rights Reserved.",
                "siteMap": Object {
                  "title": "Site Map",
                  "url": "/sitemap",
                },
                "terms": Object {
                  "title": "Terms & Conditions",
                  "url": "/pages/terms/terms-conditions",
                },
              }
            }
            linkRenderer={[Function]}
          />
          <Text
            baseline={true}
            secondary={true}
            semiStrong={true}
            whispering={true}
          >
            Copyright © 1998-2019, jobsDB.
          </Text>
        </div>
        <div
          className="chevronIcon"
          onClick={[Function]}
        >
          <ChevronIcon
            className=""
            direction="down"
            id="pageBottom"
            svgClassName="chevronSvg"
          />
        </div>
      </div>
    </div>
  </PageBlock>
</footer>
`;

exports[`Footer component should render with custom link renderer 1`] = `
<footer
  className="container"
>
  <PageBlock>
    <div
      className="hidden upperWrapper"
    >
      <UpperFooter
        footerMessages={
          Object {
            "aboutJobsDB": Object {
              "aboutJobsDB": Object {
                "title": "About jobsDB",
                "url": "/pages/aboutus",
              },
              "contactUs": Object {
                "mobileUrl": "https://m.jobsdb.com/en-hk/legal.do?p=contact_us",
                "title": "Contact us",
                "url": "/pages/regional-coverage",
              },
              "title": "About JobsDB",
            },
            "cfsLink": "/hk/en",
            "cmsLink": "/en-hk",
            "connect": Object {
              "appStore": Object {
                "icon": "apple",
                "title": "jobsDB @ App Store",
                "url": "https://itunes.apple.com/hk/app/jobsdb-job-search/id414607432",
              },
              "playStore": Object {
                "icon": "android",
                "title": "jobsDB @ Google Play",
                "url": "https://play.google.com/store/apps/details?id=com.jobsdb",
              },
              "title": "Connect",
            },
            "copyright": "Copyright © 1998-{year}, jobsDB.",
            "legal": Object {
              "title": "Legal terms",
              "url": "/legal.do",
            },
            "partners": Object {
              "bdjobs": Object {
                "title": "Bdjobs (Bandladesh)",
                "url": "https://www.bdjobs.com/",
              },
              "brighterMonday": Object {
                "title": "Brighter Monday (East Africa)",
                "url": "https://www.brightermonday.com/",
              },
              "catho": Object {
                "title": "Catho (Brazil)",
                "url": "https://www.catho.com.br/",
              },
              "title": "International partners",
              "zhaopin": Object {
                "title": "Zhaopin (China)",
                "url": "https://www.zhaopin.com/",
              },
            },
            "privacy": Object {
              "title": "Privacy Statement",
              "url": "/pages/terms/privacy-policy",
            },
            "rightReserved": "All Rights Reserved.",
            "siteMap": Object {
              "title": "Site Map",
              "url": "/sitemap",
            },
            "terms": Object {
              "title": "Terms & Conditions",
              "url": "/pages/terms/terms-conditions",
            },
          }
        }
        linkRenderer={[Function]}
      />
      <FooterLinks
        footerMessages={
          Object {
            "aboutJobsDB": Object {
              "aboutJobsDB": Object {
                "title": "About jobsDB",
                "url": "/pages/aboutus",
              },
              "contactUs": Object {
                "mobileUrl": "https://m.jobsdb.com/en-hk/legal.do?p=contact_us",
                "title": "Contact us",
                "url": "/pages/regional-coverage",
              },
              "title": "About JobsDB",
            },
            "cfsLink": "/hk/en",
            "cmsLink": "/en-hk",
            "connect": Object {
              "appStore": Object {
                "icon": "apple",
                "title": "jobsDB @ App Store",
                "url": "https://itunes.apple.com/hk/app/jobsdb-job-search/id414607432",
              },
              "playStore": Object {
                "icon": "android",
                "title": "jobsDB @ Google Play",
                "url": "https://play.google.com/store/apps/details?id=com.jobsdb",
              },
              "title": "Connect",
            },
            "copyright": "Copyright © 1998-{year}, jobsDB.",
            "legal": Object {
              "title": "Legal terms",
              "url": "/legal.do",
            },
            "partners": Object {
              "bdjobs": Object {
                "title": "Bdjobs (Bandladesh)",
                "url": "https://www.bdjobs.com/",
              },
              "brighterMonday": Object {
                "title": "Brighter Monday (East Africa)",
                "url": "https://www.brightermonday.com/",
              },
              "catho": Object {
                "title": "Catho (Brazil)",
                "url": "https://www.catho.com.br/",
              },
              "title": "International partners",
              "zhaopin": Object {
                "title": "Zhaopin (China)",
                "url": "https://www.zhaopin.com/",
              },
            },
            "privacy": Object {
              "title": "Privacy Statement",
              "url": "/pages/terms/privacy-policy",
            },
            "rightReserved": "All Rights Reserved.",
            "siteMap": Object {
              "title": "Site Map",
              "url": "/sitemap",
            },
            "terms": Object {
              "title": "Terms & Conditions",
              "url": "/pages/terms/terms-conditions",
            },
          }
        }
        linkRenderer={[Function]}
      />
    </div>
    <div
      className="lowerWrapper"
    >
      <div
        className="endOfLineWithoutCountry"
      >
        <div
          className="collapsed lowerWrapperLinks"
        >
          <FooterLinks
            displayInDesktop={true}
            footerMessages={
              Object {
                "aboutJobsDB": Object {
                  "aboutJobsDB": Object {
                    "title": "About jobsDB",
                    "url": "/pages/aboutus",
                  },
                  "contactUs": Object {
                    "mobileUrl": "https://m.jobsdb.com/en-hk/legal.do?p=contact_us",
                    "title": "Contact us",
                    "url": "/pages/regional-coverage",
                  },
                  "title": "About JobsDB",
                },
                "cfsLink": "/hk/en",
                "cmsLink": "/en-hk",
                "connect": Object {
                  "appStore": Object {
                    "icon": "apple",
                    "title": "jobsDB @ App Store",
                    "url": "https://itunes.apple.com/hk/app/jobsdb-job-search/id414607432",
                  },
                  "playStore": Object {
                    "icon": "android",
                    "title": "jobsDB @ Google Play",
                    "url": "https://play.google.com/store/apps/details?id=com.jobsdb",
                  },
                  "title": "Connect",
                },
                "copyright": "Copyright © 1998-{year}, jobsDB.",
                "legal": Object {
                  "title": "Legal terms",
                  "url": "/legal.do",
                },
                "partners": Object {
                  "bdjobs": Object {
                    "title": "Bdjobs (Bandladesh)",
                    "url": "https://www.bdjobs.com/",
                  },
                  "brighterMonday": Object {
                    "title": "Brighter Monday (East Africa)",
                    "url": "https://www.brightermonday.com/",
                  },
                  "catho": Object {
                    "title": "Catho (Brazil)",
                    "url": "https://www.catho.com.br/",
                  },
                  "title": "International partners",
                  "zhaopin": Object {
                    "title": "Zhaopin (China)",
                    "url": "https://www.zhaopin.com/",
                  },
                },
                "privacy": Object {
                  "title": "Privacy Statement",
                  "url": "/pages/terms/privacy-policy",
                },
                "rightReserved": "All Rights Reserved.",
                "siteMap": Object {
                  "title": "Site Map",
                  "url": "/sitemap",
                },
                "terms": Object {
                  "title": "Terms & Conditions",
                  "url": "/pages/terms/terms-conditions",
                },
              }
            }
            linkRenderer={[Function]}
          />
          <Text
            baseline={true}
            secondary={true}
            semiStrong={true}
            whispering={true}
          >
            Copyright © 1998-2019, jobsDB.
          </Text>
        </div>
        <div
          className="chevronIcon"
          onClick={[Function]}
        >
          <ChevronIcon
            className=""
            direction="down"
            id="pageBottom"
            svgClassName="chevronSvg"
          />
        </div>
      </div>
    </div>
  </PageBlock>
</footer>
`;

exports[`Footer component should render with default props 1`] = `
<footer
  className="container"
>
  <PageBlock>
    <div
      className="hidden upperWrapper"
    >
      <UpperFooter
        footerMessages={
          Object {
            "aboutJobsDB": Object {
              "aboutJobsDB": Object {
                "title": "About jobsDB",
                "url": "/pages/aboutus",
              },
              "contactUs": Object {
                "mobileUrl": "https://m.jobsdb.com/en-hk/legal.do?p=contact_us",
                "title": "Contact us",
                "url": "/pages/regional-coverage",
              },
              "title": "About JobsDB",
            },
            "cfsLink": "/hk/en",
            "cmsLink": "/en-hk",
            "connect": Object {
              "appStore": Object {
                "icon": "apple",
                "title": "jobsDB @ App Store",
                "url": "https://itunes.apple.com/hk/app/jobsdb-job-search/id414607432",
              },
              "playStore": Object {
                "icon": "android",
                "title": "jobsDB @ Google Play",
                "url": "https://play.google.com/store/apps/details?id=com.jobsdb",
              },
              "title": "Connect",
            },
            "copyright": "Copyright © 1998-{year}, jobsDB.",
            "legal": Object {
              "title": "Legal terms",
              "url": "/legal.do",
            },
            "partners": Object {
              "bdjobs": Object {
                "title": "Bdjobs (Bandladesh)",
                "url": "https://www.bdjobs.com/",
              },
              "brighterMonday": Object {
                "title": "Brighter Monday (East Africa)",
                "url": "https://www.brightermonday.com/",
              },
              "catho": Object {
                "title": "Catho (Brazil)",
                "url": "https://www.catho.com.br/",
              },
              "title": "International partners",
              "zhaopin": Object {
                "title": "Zhaopin (China)",
                "url": "https://www.zhaopin.com/",
              },
            },
            "privacy": Object {
              "title": "Privacy Statement",
              "url": "/pages/terms/privacy-policy",
            },
            "rightReserved": "All Rights Reserved.",
            "siteMap": Object {
              "title": "Site Map",
              "url": "/sitemap",
            },
            "terms": Object {
              "title": "Terms & Conditions",
              "url": "/pages/terms/terms-conditions",
            },
          }
        }
        linkRenderer={[Function]}
      />
      <FooterLinks
        footerMessages={
          Object {
            "aboutJobsDB": Object {
              "aboutJobsDB": Object {
                "title": "About jobsDB",
                "url": "/pages/aboutus",
              },
              "contactUs": Object {
                "mobileUrl": "https://m.jobsdb.com/en-hk/legal.do?p=contact_us",
                "title": "Contact us",
                "url": "/pages/regional-coverage",
              },
              "title": "About JobsDB",
            },
            "cfsLink": "/hk/en",
            "cmsLink": "/en-hk",
            "connect": Object {
              "appStore": Object {
                "icon": "apple",
                "title": "jobsDB @ App Store",
                "url": "https://itunes.apple.com/hk/app/jobsdb-job-search/id414607432",
              },
              "playStore": Object {
                "icon": "android",
                "title": "jobsDB @ Google Play",
                "url": "https://play.google.com/store/apps/details?id=com.jobsdb",
              },
              "title": "Connect",
            },
            "copyright": "Copyright © 1998-{year}, jobsDB.",
            "legal": Object {
              "title": "Legal terms",
              "url": "/legal.do",
            },
            "partners": Object {
              "bdjobs": Object {
                "title": "Bdjobs (Bandladesh)",
                "url": "https://www.bdjobs.com/",
              },
              "brighterMonday": Object {
                "title": "Brighter Monday (East Africa)",
                "url": "https://www.brightermonday.com/",
              },
              "catho": Object {
                "title": "Catho (Brazil)",
                "url": "https://www.catho.com.br/",
              },
              "title": "International partners",
              "zhaopin": Object {
                "title": "Zhaopin (China)",
                "url": "https://www.zhaopin.com/",
              },
            },
            "privacy": Object {
              "title": "Privacy Statement",
              "url": "/pages/terms/privacy-policy",
            },
            "rightReserved": "All Rights Reserved.",
            "siteMap": Object {
              "title": "Site Map",
              "url": "/sitemap",
            },
            "terms": Object {
              "title": "Terms & Conditions",
              "url": "/pages/terms/terms-conditions",
            },
          }
        }
        linkRenderer={[Function]}
      />
    </div>
    <div
      className="lowerWrapper"
    >
      <div
        className="endOfLineWithoutCountry"
      >
        <div
          className="collapsed lowerWrapperLinks"
        >
          <FooterLinks
            displayInDesktop={true}
            footerMessages={
              Object {
                "aboutJobsDB": Object {
                  "aboutJobsDB": Object {
                    "title": "About jobsDB",
                    "url": "/pages/aboutus",
                  },
                  "contactUs": Object {
                    "mobileUrl": "https://m.jobsdb.com/en-hk/legal.do?p=contact_us",
                    "title": "Contact us",
                    "url": "/pages/regional-coverage",
                  },
                  "title": "About JobsDB",
                },
                "cfsLink": "/hk/en",
                "cmsLink": "/en-hk",
                "connect": Object {
                  "appStore": Object {
                    "icon": "apple",
                    "title": "jobsDB @ App Store",
                    "url": "https://itunes.apple.com/hk/app/jobsdb-job-search/id414607432",
                  },
                  "playStore": Object {
                    "icon": "android",
                    "title": "jobsDB @ Google Play",
                    "url": "https://play.google.com/store/apps/details?id=com.jobsdb",
                  },
                  "title": "Connect",
                },
                "copyright": "Copyright © 1998-{year}, jobsDB.",
                "legal": Object {
                  "title": "Legal terms",
                  "url": "/legal.do",
                },
                "partners": Object {
                  "bdjobs": Object {
                    "title": "Bdjobs (Bandladesh)",
                    "url": "https://www.bdjobs.com/",
                  },
                  "brighterMonday": Object {
                    "title": "Brighter Monday (East Africa)",
                    "url": "https://www.brightermonday.com/",
                  },
                  "catho": Object {
                    "title": "Catho (Brazil)",
                    "url": "https://www.catho.com.br/",
                  },
                  "title": "International partners",
                  "zhaopin": Object {
                    "title": "Zhaopin (China)",
                    "url": "https://www.zhaopin.com/",
                  },
                },
                "privacy": Object {
                  "title": "Privacy Statement",
                  "url": "/pages/terms/privacy-policy",
                },
                "rightReserved": "All Rights Reserved.",
                "siteMap": Object {
                  "title": "Site Map",
                  "url": "/sitemap",
                },
                "terms": Object {
                  "title": "Terms & Conditions",
                  "url": "/pages/terms/terms-conditions",
                },
              }
            }
            linkRenderer={[Function]}
          />
          <Text
            baseline={true}
            secondary={true}
            semiStrong={true}
            whispering={true}
          >
            Copyright © 1998-2019, jobsDB.
          </Text>
        </div>
        <div
          className="chevronIcon"
          onClick={[Function]}
        >
          <ChevronIcon
            className=""
            direction="down"
            id="pageBottom"
            svgClassName="chevronSvg"
          />
        </div>
      </div>
    </div>
  </PageBlock>
</footer>
`;
