// Jest Snapshot v1, https://goo.gl/fbAQLP

exports[`Icons renders with default props 1`] = `
<Icon
  className=""
  markup="<svg width=\\"24\\" height=\\"24\\" viewBox=\\"0 0 100 100\\" preserveAspectRatio=\\"xMidYMid meet\\">
      <title>birthdate</title>
      <path d=\\"M2.2 47.4v-7.8h95.7v7.8H2.2zm78.2 11.7c2.6-1.3 5.2-2.2 8.7-2.2h8.7v31.3c0 6.5-5.7 11.7-13 11.7H15.2c-7 0-13-5.2-13-11.7V56.5h8.7c3.5 0 6.1 1.3 8.7 2.2 1.7.9 3.5 1.7 4.3 1.7s2.6-.9 4.3-1.7c2.6-.9 5.7-2.2 8.7-2.2 3 0 6.1 1.3 8.7 2.2 1.7.9 3.5 1.7 4.3 1.7s3-.9 4.3-1.7c2.6-1.3 5.2-2.2 8.7-2.2 3.5 0 6.1 1.3 8.7 2.2 1.7.9 3.5 1.7 4.3 1.7s3.2-.4 4.5-1.3zM15.2 33.5v-20h10v20h-10zM20 10c-2.6 0-4.8-2.2-4.8-5.2C15.2 2.2 17.4 0 20 0c2.6 0 4.8 2.2 4.8 4.8.4 3-1.8 5.2-4.8 5.2zm25.2 23.5v-20h10v20h-10zM50 10c-2.6 0-4.8-2.2-4.8-4.8 0-3 2.2-5.2 4.8-5.2 2.6 0 4.8 2.2 4.8 4.8 0 3-2.2 5.2-4.8 5.2zm24.8 23.5v-20h10v20h-10zM80 10c-2.6 0-4.8-2.2-4.8-4.8 0-2.6 2.2-4.8 4.8-4.8 2.6 0 4.8 1.7 4.8 4.3 0 3.1-2.2 5.3-4.8 5.3z\\" fill=\\"currentColor\\" />
    </svg>"
  svgClassName=""
/>
`;

exports[`Icons renders with title 1`] = `
<Icon
  className=""
  markup="<svg width=\\"24\\" height=\\"24\\" viewBox=\\"0 0 100 100\\" preserveAspectRatio=\\"xMidYMid meet\\">
      <title>title</title>
      <path d=\\"M2.2 47.4v-7.8h95.7v7.8H2.2zm78.2 11.7c2.6-1.3 5.2-2.2 8.7-2.2h8.7v31.3c0 6.5-5.7 11.7-13 11.7H15.2c-7 0-13-5.2-13-11.7V56.5h8.7c3.5 0 6.1 1.3 8.7 2.2 1.7.9 3.5 1.7 4.3 1.7s2.6-.9 4.3-1.7c2.6-.9 5.7-2.2 8.7-2.2 3 0 6.1 1.3 8.7 2.2 1.7.9 3.5 1.7 4.3 1.7s3-.9 4.3-1.7c2.6-1.3 5.2-2.2 8.7-2.2 3.5 0 6.1 1.3 8.7 2.2 1.7.9 3.5 1.7 4.3 1.7s3.2-.4 4.5-1.3zM15.2 33.5v-20h10v20h-10zM20 10c-2.6 0-4.8-2.2-4.8-5.2C15.2 2.2 17.4 0 20 0c2.6 0 4.8 2.2 4.8 4.8.4 3-1.8 5.2-4.8 5.2zm25.2 23.5v-20h10v20h-10zM50 10c-2.6 0-4.8-2.2-4.8-4.8 0-3 2.2-5.2 4.8-5.2 2.6 0 4.8 2.2 4.8 4.8 0 3-2.2 5.2-4.8 5.2zm24.8 23.5v-20h10v20h-10zM80 10c-2.6 0-4.8-2.2-4.8-4.8 0-2.6 2.2-4.8 4.8-4.8 2.6 0 4.8 1.7 4.8 4.3 0 3.1-2.2 5.3-4.8 5.3z\\" fill=\\"currentColor\\" />
    </svg>"
  svgClassName=""
/>
`;
