// Jest Snapshot v1, https://goo.gl/fbAQLP

exports[`TwitterIcon: should render filled 1`] = `
<Icon
  className=""
  markup="mock svg"
  svgClassName=""
/>
`;

exports[`TwitterIcon: should render generic 1`] = `
<Icon
  className=""
  markup="mock svg"
  svgClassName=""
/>
`;
